
   FAIL  Tests\Feature\ModuleCompletenessTest
  Γ£ô public acΓÇª 0.55s  
  Γ¿» admin canΓÇª 0.08s  
  Γ£ô status loΓÇª 0.06s  
  Γ¿» qr page rΓÇª 0.94s  
  ΓöÇΓöÇΓöÇΓöÇΓöÇΓöÇΓöÇΓöÇΓöÇΓöÇΓöÇΓöÇΓöÇΓöÇΓöÇΓöÇΓöÇΓöÇ  
   FAILED  Tests\FΓÇª   
  Expected: "4qzucjPT1EVFlpLB373s" wire:name="admin-categories" class="space-y-6">\n
    <h1 class="text-2xl font-semibold text-slate-900">Categories</h1>\n
\n
    <div class="rounded-2xl border border-slate-200 bg-white p-4 shadow-sm sm:p-6">\n
        <h2 class="mb-3 text-sm font-semibold uppercase tracking-wide text-slate-600">Create category</h2>\n
        <form wire:submit="create" class="flex flex-wrap items-end gap-3">\n
            <label class="min-w-64 flex-1">\n
                <span class="mb-2 block text-sm font-medium text-slate-700">Name</span>\n
                <input\n
                    type="text"\n
                    wire:model="name"\n
                    class="w-full rounded-lg border border-slate-300 px-3 py-2 text-sm focus:border-slate-500 focus:outline-none"\n
                    placeholder="Category name"\n
                >\n
                <!--[if BLOCK]><![endif]--><!--[if ENDBLOCK]><![endif]-->            </label>\n
\n
            <button type="submit" class="rounded-md bg-slate-900 px-4 py-2 text-sm font-medium text-white hover:bg-slate-700">\n
                Add\n
            </button>\n
        </form>\n
    </div>\n
\n
    <div class="overflow-hidden rounded-2xl border border-slate-200 bg-white shadow-sm">\n
        <div class="overflow-x-auto">\n
            <table class="min-w-full divide-y divide-slate-200 text-sm">\n
                <thead class="bg-slate-50 text-left text-xs uppercase tracking-wide text-slate-600">\n
                    <tr>\n
                        <th class="px-4 py-3">Category</th>\n
                        <th class="px-4 py-3 text-right">Actions</th>\n
                    </tr>\n
                </thead>\n
                <tbody class="divide-y divide-slate-100">\n
                    <!--[if BLOCK]><![endif]-->                        <tr wire:key="category-row-1">\n
                            <td class="px-4 py-3">\n
                                <!--[if BLOCK]><![endif]-->                                    <span class="font-medium text-slate-900">Motorcycles</span>\n
                                <!--[if ENDBLOCK]><![endif]-->                            </td>\n
                            <td class="px-4 py-3">\n
                                <!--[if BLOCK]><![endif]-->                                    <div class="flex justify-end gap-2">\n
                                        <button\n
                                            type="button"\n
                                            wire:click="startEditing(1)"\n
                                            class="rounded-md border border-slate-300 px-3 py-1.5 text-xs font-medium text-slate-700 hover:bg-slate-100"\n
                                        >\n
                                            Edit\n
                                        </button>\n
                                        <button\n
                                            type="button"\n
                                            wire:click="delete(1)"\n
                                            wire:confirm="Delete this category?"\n
                                            class="rounded-md border border-red-300 px-3 py-1.5 text-xs font-medium text-red-700 hover:bg-red-50"\n
                                        >\n
                                            Delete\n
                                        </button>\n
                                    </div>\n
                                <!--[if ENDBLOCK]><![endif]-->                            </td>\n
                        </tr>\n
                    <!--[if ENDBLOCK]><![endif]-->                </tbody>\n
            </table>\n
        </div>\n
    </div>\n
</section>\n


  To contain: Category created.

  at vendor\livewire\livewire\src\Features\SupportTesting\MakesAssertions.php:14
     10Γûò {
     11Γûò     function assertSee($values, $escape = true, $stripInitialData = true)
     12Γûò     {
     13Γûò         foreach (Arr::wrap($values) as $value) {
  Γ₧£  14Γûò             PHPUnit::assertStringContainsString(
     15Γûò                 $escape ? e($value): $value,
     16Γûò                 $this->html($stripInitialData)
     17Γûò             );
     18Γûò         }

  1   vendor\livewire\livewire\src\Features\SupportTesting\MakesAssertions.php:14
  2   tests\Feature\ModuleCompletenessTest.php:41

  ΓöÇΓöÇΓöÇΓöÇΓöÇΓöÇΓöÇΓöÇΓöÇΓöÇΓöÇΓöÇΓöÇΓöÇΓöÇΓöÇΓöÇΓöÇ  
   FAILED  Tests\FΓÇª   
  Expected response status code [200] but received 500.
Failed asserting that 500 is identical to 200.

The following exception occurred during the last request:

ErrorException: Attempt to read property "childNodes" on null in C:\laragon\www\Car-Showroom\vendor\livewire\livewire\src\Features\SupportMultipleRootElementDetection\SupportMultipleRootElementDetection.php:40
Stack trace:
#0 C:\laragon\www\Car-Showroom\vendor\laravel\framework\src\Illuminate\Foundation\Bootstrap\HandleExceptions.php(258): Illuminate\Foundation\Bootstrap\HandleExceptions->handleError(2, 'Attempt to read...', 'C:\\laragon\\www\\...', 40)
#1 C:\laragon\www\Car-Showroom\vendor\livewire\livewire\src\Features\SupportMultipleRootElementDetection\SupportMultipleRootElementDetection.php(40): Illuminate\Foundation\Bootstrap\HandleExceptions->{closure:Illuminate\Foundation\Bootstrap\HandleExceptions::forwardsTo():257}(2, 'Attempt to read...', 'C:\\laragon\\www\\...', 40)
#2 C:\laragon\www\Car-Showroom\vendor\livewire\livewire\src\Features\SupportMultipleRootElementDetection\SupportMultipleRootElementDetection.php(23): Livewire\Features\SupportMultipleRootElementDetection\SupportMultipleRootElementDetection->getRootElementCount('<style wire:sna...')
#3 C:\laragon\www\Car-Showroom\vendor\livewire\livewire\src\Features\SupportMultipleRootElementDetection\SupportMultipleRootElementDetection.php(16): Livewire\Features\SupportMultipleRootElementDetection\SupportMultipleRootElementDetection->warnAgainstMoreThanOneRootElement(Object(App\Livewire\AdminUnitQrAction), '<style wire:sna...')
#4 C:\laragon\www\Car-Showroom\vendor\livewire\livewire\src\EventBus.php(100): Livewire\Features\SupportMultipleRootElementDetection\SupportMultipleRootElementDetection::{closure:{closure:Livewire\Features\SupportMultipleRootElementDetection\SupportMultipleRootElementDetection::provide():12}:15}('<style wire:sna...', Array)
#5 C:\laragon\www\Car-Showroom\vendor\livewire\livewire\src\Mechanisms\HandleComponents\HandleComponents.php(96): Livewire\EventBus->{closure:Livewire\EventBus::trigger():94}('<style wire:sna...', Array)
#6 C:\laragon\www\Car-Showroom\vendor\livewire\livewire\src\LivewireManager.php(102): Livewire\Mechanisms\HandleComponents\HandleComponents->mount('App\\Livewire\\Ad...', Array, NULL, Array)
#7 C:\laragon\www\Car-Showroom\vendor\livewire\livewire\src\Features\SupportPageComponents\HandlesPageComponents.php(19): Livewire\LivewireManager->mount('App\\Livewire\\Ad...', Array)
#8 C:\laragon\www\Car-Showroom\vendor\livewire\livewire\src\Features\SupportPageComponents\SupportPageComponents.php(118): Livewire\Component->{closure:Livewire\Features\SupportPageComponents\HandlesPageComponents::__invoke():14}()
#9 C:\laragon\www\Car-Showroom\vendor\livewire\livewire\src\Features\SupportPageComponents\HandlesPageComponents.php(14): Livewire\Features\SupportPageComponents\SupportPageComponents::interceptTheRenderOfTheComponentAndRetreiveTheLayoutConfiguration(Object(Closure))
#10 C:\laragon\www\Car-Showroom\vendor\laravel\framework\src\Illuminate\Routing\ControllerDispatcher.php(46): Livewire\Component->__invoke(Object(App\Models\Unit))
#11 C:\laragon\www\Car-Showroom\vendor\laravel\framework\src\Illuminate\Routing\Route.php(265): Illuminate\Routing\ControllerDispatcher->dispatch(Object(Illuminate\Routing\Route), Object(App\Livewire\AdminUnitQrAction), '__invoke')
#12 C:\laragon\www\Car-Showroom\vendor\laravel\framework\src\Illuminate\Routing\Route.php(211): Illuminate\Routing\Route->runController()
#13 C:\laragon\www\Car-Showroom\vendor\laravel\framework\src\Illuminate\Routing\Router.php(822): Illuminate\Routing\Route->run()
#14 C:\laragon\www\Car-Showroom\vendor\laravel\framework\src\Illuminate\Pipeline\Pipeline.php(180): Illuminate\Routing\Router->{closure:Illuminate\Routing\Router::runRouteWithinStack():821}(Object(Illuminate\Http\Request))
#15 C:\laragon\www\Car-Showroom\vendor\laravel\framework\src\Illuminate\Auth\Middleware\Authorize.php(59): Illuminate\Pipeline\Pipeline->{closure:Illuminate\Pipeline\Pipeline::prepareDestination():178}(Object(Illuminate\Http\Request))
#16 C:\laragon\www\Car-Showroom\vendor\laravel\framework\src\Illuminate\Pipeline\Pipeline.php(219): Illuminate\Auth\Middleware\Authorize->handle(Object(Illuminate\Http\Request), Object(Closure), 'viewQr', 'unit')
#17 C:\laragon\www\Car-Showroom\vendor\laravel\framework\src\Illuminate\Routing\Middleware\ValidateSignature.php(70): Illuminate\Pipeline\Pipeline->{closure:{closure:Illuminate\Pipeline\Pipeline::carry():194}:195}(Object(Illuminate\Http\Request))
#18 C:\laragon\www\Car-Showroom\vendor\laravel\framework\src\Illuminate\Pipeline\Pipeline.php(219): Illuminate\Routing\Middleware\ValidateSignature->handle(Object(Illuminate\Http\Request), Object(Closure))
#19 C:\laragon\www\Car-Showroom\app\Http\Middleware\EnsureUserIsAdmin.php(22): Illuminate\Pipeline\Pipeline->{closure:{closure:Illuminate\Pipeline\Pipeline::carry():194}:195}(Object(Illuminate\Http\Request))
#20 C:\laragon\www\Car-Showroom\vendor\laravel\framework\src\Illuminate\Pipeline\Pipeline.php(219): App\Http\Middleware\EnsureUserIsAdmin->handle(Object(Illuminate\Http\Request), Object(Closure))
#21 C:\laragon\www\Car-Showroom\vendor\laravel\framework\src\Illuminate\Auth\Middleware\EnsureEmailIsVerified.php(41): Illuminate\Pipeline\Pipeline->{closure:{closure:Illuminate\Pipeline\Pipeline::carry():194}:195}(Object(Illuminate\Http\Request))
#22 C:\laragon\www\Car-Showroom\vendor\laravel\framework\src\Illuminate\Pipeline\Pipeline.php(219): Illuminate\Auth\Middleware\EnsureEmailIsVerified->handle(Object(Illuminate\Http\Request), Object(Closure))
#23 C:\laragon\www\Car-Showroom\vendor\laravel\framework\src\Illuminate\Routing\Middleware\SubstituteBindings.php(50): Illuminate\Pipeline\Pipeline->{closure:{closure:Illuminate\Pipeline\Pipeline::carry():194}:195}(Object(Illuminate\Http\Request))
#24 C:\laragon\www\Car-Showroom\vendor\laravel\framework\src\Illuminate\Pipeline\Pipeline.php(219): Illuminate\Routing\Middleware\SubstituteBindings->handle(Object(Illuminate\Http\Request), Object(Closure))
#25 C:\laragon\www\Car-Showroom\vendor\laravel\framework\src\Illuminate\Auth\Middleware\Authenticate.php(63): Illuminate\Pipeline\Pipeline->{closure:{closure:Illuminate\Pipeline\Pipeline::carry():194}:195}(Object(Illuminate\Http\Request))
#26 C:\laragon\www\Car-Showroom\vendor\laravel\framework\src\Illuminate\Pipeline\Pipeline.php(219): Illuminate\Auth\Middleware\Authenticate->handle(Object(Illuminate\Http\Request), Object(Closure))
#27 C:\laragon\www\Car-Showroom\vendor\laravel\framework\src\Illuminate\Foundation\Http\Middleware\VerifyCsrfToken.php(87): Illuminate\Pipeline\Pipeline->{closure:{closure:Illuminate\Pipeline\Pipeline::carry():194}:195}(Object(Illuminate\Http\Request))
#28 C:\laragon\www\Car-Showroom\vendor\laravel\framework\src\Illuminate\Pipeline\Pipeline.php(219): Illuminate\Foundation\Http\Middleware\VerifyCsrfToken->handle(Object(Illuminate\Http\Request), Object(Closure))
#29 C:\laragon\www\Car-Showroom\vendor\laravel\framework\src\Illuminate\View\Middleware\ShareErrorsFromSession.php(48): Illuminate\Pipeline\Pipeline->{closure:{closure:Illuminate\Pipeline\Pipeline::carry():194}:195}(Object(Illuminate\Http\Request))
#30 C:\laragon\www\Car-Showroom\vendor\laravel\framework\src\Illuminate\Pipeline\Pipeline.php(219): Illuminate\View\Middleware\ShareErrorsFromSession->handle(Object(Illuminate\Http\Request), Object(Closure))
#31 C:\laragon\www\Car-Showroom\vendor\laravel\framework\src\Illuminate\Session\Middleware\StartSession.php(120): Illuminate\Pipeline\Pipeline->{closure:{closure:Illuminate\Pipeline\Pipeline::carry():194}:195}(Object(Illuminate\Http\Request))
#32 C:\laragon\www\Car-Showroom\vendor\laravel\framework\src\Illuminate\Session\Middleware\StartSession.php(63): Illuminate\Session\Middleware\StartSession->handleStatefulRequest(Object(Illuminate\Http\Request), Object(Illuminate\Session\Store), Object(Closure))
#33 C:\laragon\www\Car-Showroom\vendor\laravel\framework\src\Illuminate\Pipeline\Pipeline.php(219): Illuminate\Session\Middleware\StartSession->handle(Object(Illuminate\Http\Request), Object(Closure))
#34 C:\laragon\www\Car-Showroom\vendor\laravel\framework\src\Illuminate\Cookie\Middleware\AddQueuedCookiesToResponse.php(36): Illuminate\Pipeline\Pipeline->{closure:{closure:Illuminate\Pipeline\Pipeline::carry():194}:195}(Object(Illuminate\Http\Request))
#35 C:\laragon\www\Car-Showroom\vendor\laravel\framework\src\Illuminate\Pipeline\Pipeline.php(219): Illuminate\Cookie\Middleware\AddQueuedCookiesToResponse->handle(Object(Illuminate\Http\Request), Object(Closure))
#36 C:\laragon\www\Car-Showroom\vendor\laravel\framework\src\Illuminate\Cookie\Middleware\EncryptCookies.php(74): Illuminate\Pipeline\Pipeline->{closure:{closure:Illuminate\Pipeline\Pipeline::carry():194}:195}(Object(Illuminate\Http\Request))
#37 C:\laragon\www\Car-Showroom\vendor\laravel\framework\src\Illuminate\Pipeline\Pipeline.php(219): Illuminate\Cookie\Middleware\EncryptCookies->handle(Object(Illuminate\Http\Request), Object(Closure))
#38 C:\laragon\www\Car-Showroom\vendor\laravel\framework\src\Illuminate\Pipeline\Pipeline.php(137): Illuminate\Pipeline\Pipeline->{closure:{closure:Illuminate\Pipeline\Pipeline::carry():194}:195}(Object(Illuminate\Http\Request))
#39 C:\laragon\www\Car-Showroom\vendor\laravel\framework\src\Illuminate\Routing\Router.php(821): Illuminate\Pipeline\Pipeline->then(Object(Closure))
#40 C:\laragon\www\Car-Showroom\vendor\laravel\framework\src\Illuminate\Routing\Router.php(800): Illuminate\Routing\Router->runRouteWithinStack(Object(Illuminate\Routing\Route), Object(Illuminate\Http\Request))
#41 C:\laragon\www\Car-Showroom\vendor\laravel\framework\src\Illuminate\Routing\Router.php(764): Illuminate\Routing\Router->runRoute(Object(Illuminate\Http\Request), Object(Illuminate\Routing\Route))
#42 C:\laragon\www\Car-Showroom\vendor\laravel\framework\src\Illuminate\Routing\Router.php(753): Illuminate\Routing\Router->dispatchToRoute(Object(Illuminate\Http\Request))
#43 C:\laragon\www\Car-Showroom\vendor\laravel\framework\src\Illuminate\Foundation\Http\Kernel.php(200): Illuminate\Routing\Router->dispatch(Object(Illuminate\Http\Request))
#44 C:\laragon\www\Car-Showroom\vendor\laravel\framework\src\Illuminate\Pipeline\Pipeline.php(180): Illuminate\Foundation\Http\Kernel->{closure:Illuminate\Foundation\Http\Kernel::dispatchToRouter():197}(Object(Illuminate\Http\Request))
#45 C:\laragon\www\Car-Showroom\vendor\livewire\livewire\src\Features\SupportDisablingBackButtonCache\DisableBackButtonCacheMiddleware.php(19): Illuminate\Pipeline\Pipeline->{closure:Illuminate\Pipeline\Pipeline::prepareDestination():178}(Object(Illuminate\Http\Request))
#46 C:\laragon\www\Car-Showroom\vendor\laravel\framework\src\Illuminate\Pipeline\Pipeline.php(219): Livewire\Features\SupportDisablingBackButtonCache\DisableBackButtonCacheMiddleware->handle(Object(Illuminate\Http\Request), Object(Closure))
#47 C:\laragon\www\Car-Showroom\vendor\laravel\framework\src\Illuminate\Foundation\Http\Middleware\TransformsRequest.php(21): Illuminate\Pipeline\Pipeline->{closure:{closure:Illuminate\Pipeline\Pipeline::carry():194}:195}(Object(Illuminate\Http\Request))
#48 C:\laragon\www\Car-Showroom\vendor\laravel\framework\src\Illuminate\Foundation\Http\Middleware\ConvertEmptyStringsToNull.php(31): Illuminate\Foundation\Http\Middleware\TransformsRequest->handle(Object(Illuminate\Http\Request), Object(Closure))
#49 C:\laragon\www\Car-Showroom\vendor\laravel\framework\src\Illuminate\Pipeline\Pipeline.php(219): Illuminate\Foundation\Http\Middleware\ConvertEmptyStringsToNull->handle(Object(Illuminate\Http\Request), Object(Closure))
#50 C:\laragon\www\Car-Showroom\vendor\laravel\framework\src\Illuminate\Foundation\Http\Middleware\TransformsRequest.php(21): Illuminate\Pipeline\Pipeline->{closure:{closure:Illuminate\Pipeline\Pipeline::carry():194}:195}(Object(Illuminate\Http\Request))
#51 C:\laragon\www\Car-Showroom\vendor\laravel\framework\src\Illuminate\Foundation\Http\Middleware\TrimStrings.php(51): Illuminate\Foundation\Http\Middleware\TransformsRequest->handle(Object(Illuminate\Http\Request), Object(Closure))
#52 C:\laragon\www\Car-Showroom\vendor\laravel\framework\src\Illuminate\Pipeline\Pipeline.php(219): Illuminate\Foundation\Http\Middleware\TrimStrings->handle(Object(Illuminate\Http\Request), Object(Closure))
#53 C:\laragon\www\Car-Showroom\vendor\laravel\framework\src\Illuminate\Http\Middleware\ValidatePostSize.php(27): Illuminate\Pipeline\Pipeline->{closure:{closure:Illuminate\Pipeline\Pipeline::carry():194}:195}(Object(Illuminate\Http\Request))
#54 C:\laragon\www\Car-Showroom\vendor\laravel\framework\src\Illuminate\Pipeline\Pipeline.php(219): Illuminate\Http\Middleware\ValidatePostSize->handle(Object(Illuminate\Http\Request), Object(Closure))
#55 C:\laragon\www\Car-Showroom\vendor\laravel\framework\src\Illuminate\Foundation\Http\Middleware\PreventRequestsDuringMaintenance.php(109): Illuminate\Pipeline\Pipeline->{closure:{closure:Illuminate\Pipeline\Pipeline::carry():194}:195}(Object(Illuminate\Http\Request))
#56 C:\laragon\www\Car-Showroom\vendor\laravel\framework\src\Illuminate\Pipeline\Pipeline.php(219): Illuminate\Foundation\Http\Middleware\PreventRequestsDuringMaintenance->handle(Object(Illuminate\Http\Request), Object(Closure))
#57 C:\laragon\www\Car-Showroom\vendor\laravel\framework\src\Illuminate\Http\Middleware\HandleCors.php(61): Illuminate\Pipeline\Pipeline->{closure:{closure:Illuminate\Pipeline\Pipeline::carry():194}:195}(Object(Illuminate\Http\Request))
#58 C:\laragon\www\Car-Showroom\vendor\laravel\framework\src\Illuminate\Pipeline\Pipeline.php(219): Illuminate\Http\Middleware\HandleCors->handle(Object(Illuminate\Http\Request), Object(Closure))
#59 C:\laragon\www\Car-Showroom\vendor\laravel\framework\src\Illuminate\Http\Middleware\TrustProxies.php(58): Illuminate\Pipeline\Pipeline->{closure:{closure:Illuminate\Pipeline\Pipeline::carry():194}:195}(Object(Illuminate\Http\Request))
#60 C:\laragon\www\Car-Showroom\vendor\laravel\framework\src\Illuminate\Pipeline\Pipeline.php(219): Illuminate\Http\Middleware\TrustProxies->handle(Object(Illuminate\Http\Request), Object(Closure))
#61 C:\laragon\www\Car-Showroom\vendor\laravel\framework\src\Illuminate\Foundation\Http\Middleware\InvokeDeferredCallbacks.php(22): Illuminate\Pipeline\Pipeline->{closure:{closure:Illuminate\Pipeline\Pipeline::carry():194}:195}(Object(Illuminate\Http\Request))
#62 C:\laragon\www\Car-Showroom\vendor\laravel\framework\src\Illuminate\Pipeline\Pipeline.php(219): Illuminate\Foundation\Http\Middleware\InvokeDeferredCallbacks->handle(Object(Illuminate\Http\Request), Object(Closure))
#63 C:\laragon\www\Car-Showroom\vendor\laravel\framework\src\Illuminate\Http\Middleware\ValidatePathEncoding.php(26): Illuminate\Pipeline\Pipeline->{closure:{closure:Illuminate\Pipeline\Pipeline::carry():194}:195}(Object(Illuminate\Http\Request))
#64 C:\laragon\www\Car-Showroom\vendor\laravel\framework\src\Illuminate\Pipeline\Pipeline.php(219): Illuminate\Http\Middleware\ValidatePathEncoding->handle(Object(Illuminate\Http\Request), Object(Closure))
#65 C:\laragon\www\Car-Showroom\vendor\laravel\framework\src\Illuminate\Pipeline\Pipeline.php(137): Illuminate\Pipeline\Pipeline->{closure:{closure:Illuminate\Pipeline\Pipeline::carry():194}:195}(Object(Illuminate\Http\Request))
#66 C:\laragon\www\Car-Showroom\vendor\laravel\framework\src\Illuminate\Foundation\Http\Kernel.php(175): Illuminate\Pipeline\Pipeline->then(Object(Closure))
#67 C:\laragon\www\Car-Showroom\vendor\laravel\framework\src\Illuminate\Foundation\Http\Kernel.php(144): Illuminate\Foundation\Http\Kernel->sendRequestThroughRouter(Object(Illuminate\Http\Request))
#68 C:\laragon\www\Car-Showroom\vendor\laravel\framework\src\Illuminate\Foundation\Testing\Concerns\MakesHttpRequests.php(607): Illuminate\Foundation\Http\Kernel->handle(Object(Illuminate\Http\Request))
#69 C:\laragon\www\Car-Showroom\vendor\laravel\framework\src\Illuminate\Foundation\Testing\Concerns\MakesHttpRequests.php(368): Illuminate\Foundation\Testing\TestCase->call('GET', 'http://localhos...', Array, Array, Array, Array)
#70 C:\laragon\www\Car-Showroom\tests\Feature\ModuleCompletenessTest.php(82): Illuminate\Foundation\Testing\TestCase->get('http://localhos...')
#71 C:\laragon\www\Car-Showroom\vendor\phpunit\phpunit\src\Framework\TestCase.php(1332): Tests\Feature\ModuleCompletenessTest->test_qr_page_requires_auth_or_signature()
#72 C:\laragon\www\Car-Showroom\vendor\phpunit\phpunit\src\Framework\TestCase.php(519): PHPUnit\Framework\TestCase->runTest()
#73 C:\laragon\www\Car-Showroom\vendor\phpunit\phpunit\src\Framework\TestRunner\TestRunner.php(99): PHPUnit\Framework\TestCase->runBare()
#74 C:\laragon\www\Car-Showroom\vendor\phpunit\phpunit\src\Framework\TestCase.php(359): PHPUnit\Framework\TestRunner->run(Object(Tests\Feature\ModuleCompletenessTest))
#75 C:\laragon\www\Car-Showroom\vendor\phpunit\phpunit\src\Framework\TestSuite.php(374): PHPUnit\Framework\TestCase->run()
#76 C:\laragon\www\Car-Showroom\vendor\phpunit\phpunit\src\TextUI\TestRunner.php(64): PHPUnit\Framework\TestSuite->run()
#77 C:\laragon\www\Car-Showroom\vendor\phpunit\phpunit\src\TextUI\Application.php(229): PHPUnit\TextUI\TestRunner->run(Object(PHPUnit\TextUI\Configuration\Configuration), Object(PHPUnit\Runner\ResultCache\DefaultResultCache), Object(PHPUnit\Framework\TestSuite))
#78 C:\laragon\www\Car-Showroom\vendor\pestphp\pest\src\Kernel.php(103): PHPUnit\TextUI\Application->run(Array)
#79 C:\laragon\www\Car-Showroom\vendor\pestphp\pest\bin\pest(184): Pest\Kernel->handle(Array, Array)
#80 C:\laragon\www\Car-Showroom\vendor\pestphp\pest\bin\pest(192): {closure:C:\laragon\www\Car-Showroom\vendor\pestphp\pest\bin\pest:18}()
#81 {main}

----------------------------------------------------------------------------------

Attempt to read property "childNodes" on null

  at tests\Feature\ModuleCompletenessTest.php:83
     79Γûò         // Admin accessing signed URL
     80Γûò         $user = User::factory()->create(['is_admin' => true]);
     81Γûò         $this->actingAs($user)
     82Γûò             ->get($unit->signedQrUrl())
  Γ₧£  83Γûò             ->assertOk()
     84Γûò             ->assertSee($unit->name);
     85Γûò     }
     86Γûò }
     87Γûò


  Tests:    2 failed, 2 passed (14 assertions)
  Duration: 1.87s

